// Jest Snapshot v1, https://goo.gl/fbAQLP

exports[`Main Component should match the snapshot 1`] = `
<DocumentFragment>
  <main
    class="main"
  >
    <p>
      Test Child Content
    </p>
  </main>
</DocumentFragment>
`;
