// Jest Snapshot v1, https://goo.gl/fbAQLP

exports[`App Component should match the snapshot 1`] = `
<DocumentFragment>
  <nav
    class="nav-bar"
  >
    <div
      class="logo"
    >
      <span
        role="img"
      >
        üçø
      </span>
      <h1>
        Movies
      </h1>
    </div>
    <div>
      <input
        class="search"
        placeholder="Search movies..."
        type="text"
        value=""
      />
    </div>
    <p
      class="num-results"
    >
      Found 
      <strong>
        0
      </strong>
       results
    </p>
  </nav>
  <main
    class="main"
  >
    <div
      class="box"
    >
      <button
        class="btn-toggle"
      >
        ‚Äì
      </button>
      <ul
        class="list list-movies"
      />
    </div>
    <div
      class="box"
    >
      <button
        class="btn-toggle"
      >
        ‚Äì
      </button>
      <div
        class="summary"
      >
        <h2>
          Movies you watched
        </h2>
        <div>
          <p>
            <span>
              #Ô∏è‚É£
            </span>
            <span>
              0 movies
            </span>
          </p>
          <p>
            <span>
              ‚≠êÔ∏è
            </span>
            <span>
              0.00
            </span>
          </p>
          <p>
            <span>
              üåü
            </span>
            <span>
              0.00
            </span>
          </p>
          <p>
            <span>
              ‚è≥
            </span>
            <span>
              0 min
            </span>
          </p>
        </div>
      </div>
      <ul
        class="list"
      />
    </div>
  </main>
</DocumentFragment>
`;
